2022/11/30 15:50:43.931853 WARN  /home/gsy/phdel/std/core/array.cj does not exist, it is read from /home/gsy/phdel/libphonenumber.data.gcno##array.cj##35ab301c93bcd72ee4ae37c494839cc6.gcov,relative source: std/core/array.cj
2022/11/30 15:50:43.932518 WARN  /home/gsy/phdel/std/sort/array.cj does not exist, it is read from /home/gsy/phdel/libphonenumber.data.gcno##array.cj##b2a14732f3190aba89e922f1739c45a7.gcov,relative source: std/sort/array.cj
2022/11/30 15:50:43.932980 WARN  /home/gsy/phdel/std/collection/array_list.cj does not exist, it is read from /home/gsy/phdel/libphonenumber.data.gcno##array_list.cj##a47827985fadbfa3b292b17368bdd36c.gcov,relative source: std/collection/array_list.cj
2022/11/30 15:50:43.933612 WARN  /home/gsy/phdel/std/core/collection.cj does not exist, it is read from /home/gsy/phdel/libphonenumber.data.gcno##collection.cj##d5e9717078bb7d1fec05226ebed11c2e.gcov,relative source: std/core/collection.cj
2022/11/30 15:50:43.934083 WARN  /home/gsy/phdel/std/collection/hash_map.cj does not exist, it is read from /home/gsy/phdel/libphonenumber.data.gcno##hash_map.cj##6ac3e30293571947c78624b211b7f0d2.gcov,relative source: std/collection/hash_map.cj
2022/11/30 15:50:43.934590 WARN  /home/gsy/phdel/std/collection/middle_operation.cj does not exist, it is read from /home/gsy/phdel/libphonenumber.data.gcno##middle_operation.cj##651d5860bd11fc2b5f5dcff4eb2fc8b3.gcov,relative source: std/collection/middle_operation.cj
2022/11/30 15:50:43.935061 WARN  /home/gsy/phdel/std/core/option.cj does not exist, it is read from /home/gsy/phdel/libphonenumber.data.gcno##option.cj##3156cb93630270b92287adbbb0bd1a7c.gcov,relative source: std/core/option.cj
2022/11/30 15:50:43.936105 WARN  /home/gsy/phdel/std/core/range.cj does not exist, it is read from /home/gsy/phdel/libphonenumber.data.gcno##range.cj##ee2ed641d059020f12c3e15cf4de6a55.gcov,relative source: std/core/range.cj
2022/11/30 15:50:43.936556 WARN  /home/gsy/phdel/std/sort/sort_by.cj does not exist, it is read from /home/gsy/phdel/libphonenumber.data.gcno##sort_by.cj##a89af389955f73a8d87d7b736990a902.gcov,relative source: std/sort/sort_by.cj
2022/11/30 15:50:43.936999 WARN  /home/gsy/phdel/std/core/to_string.cj does not exist, it is read from /home/gsy/phdel/libphonenumber.data.gcno##to_string.cj##4f50903fa08f8fcb23ee8f57d4d351cd.gcov,relative source: std/core/to_string.cj
2022/11/30 15:50:43.937440 WARN  /home/gsy/phdel/std/core/array.cj does not exist, it is read from /home/gsy/phdel/libphonenumber.gcno##array.cj##35ab301c93bcd72ee4ae37c494839cc6.gcov,relative source: std/core/array.cj
2022/11/30 15:50:43.937877 WARN  /home/gsy/phdel/std/sort/array.cj does not exist, it is read from /home/gsy/phdel/libphonenumber.gcno##array.cj##b2a14732f3190aba89e922f1739c45a7.gcov,relative source: std/sort/array.cj
2022/11/30 15:50:43.938313 WARN  /home/gsy/phdel/std/collection/array_list.cj does not exist, it is read from /home/gsy/phdel/libphonenumber.gcno##array_list.cj##a47827985fadbfa3b292b17368bdd36c.gcov,relative source: std/collection/array_list.cj
2022/11/30 15:50:43.938746 WARN  /home/gsy/phdel/std/core/collection.cj does not exist, it is read from /home/gsy/phdel/libphonenumber.gcno##collection.cj##d5e9717078bb7d1fec05226ebed11c2e.gcov,relative source: std/core/collection.cj
2022/11/30 15:50:43.939187 WARN  /home/gsy/phdel/serialization/serialization/data_model.cj does not exist, it is read from /home/gsy/phdel/libphonenumber.gcno##data_model.cj##b7199241b78806c9faa0828ba092a253.gcov,relative source: serialization/serialization/data_model.cj
2022/11/30 15:50:43.939621 WARN  /home/gsy/phdel/std/collection/hash_map.cj does not exist, it is read from /home/gsy/phdel/libphonenumber.gcno##hash_map.cj##6ac3e30293571947c78624b211b7f0d2.gcov,relative source: std/collection/hash_map.cj
2022/11/30 15:50:43.940054 WARN  /home/gsy/phdel/std/collection/hash_set.cj does not exist, it is read from /home/gsy/phdel/libphonenumber.gcno##hash_set.cj##3394b9e4414c412bcdffac3f82e162e7.gcov,relative source: std/collection/hash_set.cj
2022/11/30 15:50:43.940486 WARN  /home/gsy/phdel/std/collection/middle_operation.cj does not exist, it is read from /home/gsy/phdel/libphonenumber.gcno##middle_operation.cj##651d5860bd11fc2b5f5dcff4eb2fc8b3.gcov,relative source: std/collection/middle_operation.cj
2022/11/30 15:50:43.940941 WARN  /home/gsy/phdel/std/core/option.cj does not exist, it is read from /home/gsy/phdel/libphonenumber.gcno##option.cj##3156cb93630270b92287adbbb0bd1a7c.gcov,relative source: std/core/option.cj
2022/11/30 15:50:43.944654 WARN  /home/gsy/phdel/std/core/range.cj does not exist, it is read from /home/gsy/phdel/libphonenumber.gcno##range.cj##ee2ed641d059020f12c3e15cf4de6a55.gcov,relative source: std/core/range.cj
2022/11/30 15:50:43.945115 WARN  /home/gsy/phdel/serialization/serialization/serializable.cj does not exist, it is read from /home/gsy/phdel/libphonenumber.gcno##serializable.cj##dfe88698755ac7e288555f5e78f06478.gcov,relative source: serialization/serialization/serializable.cj
2022/11/30 15:50:43.945553 WARN  /home/gsy/phdel/std/sort/sort_by.cj does not exist, it is read from /home/gsy/phdel/libphonenumber.gcno##sort_by.cj##a89af389955f73a8d87d7b736990a902.gcov,relative source: std/sort/sort_by.cj
2022/11/30 15:50:43.945992 WARN  /home/gsy/phdel/std/core/to_string.cj does not exist, it is read from /home/gsy/phdel/libphonenumber.gcno##to_string.cj##4f50903fa08f8fcb23ee8f57d4d351cd.gcov,relative source: std/core/to_string.cj
2022/11/30 15:50:43.946429 WARN  /home/gsy/phdel/std/core/array.cj does not exist, it is read from /home/gsy/phdel/libphonenumber.inter.gcno##array.cj##35ab301c93bcd72ee4ae37c494839cc6.gcov,relative source: std/core/array.cj
2022/11/30 15:50:43.946867 WARN  /home/gsy/phdel/std/sort/array.cj does not exist, it is read from /home/gsy/phdel/libphonenumber.inter.gcno##array.cj##b2a14732f3190aba89e922f1739c45a7.gcov,relative source: std/sort/array.cj
2022/11/30 15:50:43.947336 WARN  /home/gsy/phdel/std/collection/array_list.cj does not exist, it is read from /home/gsy/phdel/libphonenumber.inter.gcno##array_list.cj##a47827985fadbfa3b292b17368bdd36c.gcov,relative source: std/collection/array_list.cj
2022/11/30 15:50:43.947770 WARN  /home/gsy/phdel/std/core/collection.cj does not exist, it is read from /home/gsy/phdel/libphonenumber.inter.gcno##collection.cj##d5e9717078bb7d1fec05226ebed11c2e.gcov,relative source: std/core/collection.cj
2022/11/30 15:50:43.950031 WARN  /home/gsy/phdel/serialization/serialization/data_model.cj does not exist, it is read from /home/gsy/phdel/libphonenumber.inter.gcno##data_model.cj##b7199241b78806c9faa0828ba092a253.gcov,relative source: serialization/serialization/data_model.cj
2022/11/30 15:50:43.950477 WARN  /home/gsy/phdel/std/collection/hash_map.cj does not exist, it is read from /home/gsy/phdel/libphonenumber.inter.gcno##hash_map.cj##6ac3e30293571947c78624b211b7f0d2.gcov,relative source: std/collection/hash_map.cj
2022/11/30 15:50:43.951184 WARN  /home/gsy/phdel/std/collection/middle_operation.cj does not exist, it is read from /home/gsy/phdel/libphonenumber.inter.gcno##middle_operation.cj##651d5860bd11fc2b5f5dcff4eb2fc8b3.gcov,relative source: std/collection/middle_operation.cj
2022/11/30 15:50:43.952233 WARN  /home/gsy/phdel/std/core/option.cj does not exist, it is read from /home/gsy/phdel/libphonenumber.inter.gcno##option.cj##3156cb93630270b92287adbbb0bd1a7c.gcov,relative source: std/core/option.cj
2022/11/30 15:50:43.957481 WARN  /home/gsy/phdel/std/core/range.cj does not exist, it is read from /home/gsy/phdel/libphonenumber.inter.gcno##range.cj##ee2ed641d059020f12c3e15cf4de6a55.gcov,relative source: std/core/range.cj
2022/11/30 15:50:43.958032 WARN  /home/gsy/phdel/serialization/serialization/serializable.cj does not exist, it is read from /home/gsy/phdel/libphonenumber.inter.gcno##serializable.cj##dfe88698755ac7e288555f5e78f06478.gcov,relative source: serialization/serialization/serializable.cj
2022/11/30 15:50:43.958494 WARN  /home/gsy/phdel/std/sort/sort_by.cj does not exist, it is read from /home/gsy/phdel/libphonenumber.inter.gcno##sort_by.cj##a89af389955f73a8d87d7b736990a902.gcov,relative source: std/sort/sort_by.cj
2022/11/30 15:50:43.958938 WARN  /home/gsy/phdel/std/core/to_string.cj does not exist, it is read from /home/gsy/phdel/libphonenumber.inter.gcno##to_string.cj##4f50903fa08f8fcb23ee8f57d4d351cd.gcov,relative source: std/core/to_string.cj
2022/11/30 15:50:43.959412 WARN  /home/gsy/phdel/std/core/array.cj does not exist, it is read from /home/gsy/phdel/libphonenumber.internal.gcno##array.cj##35ab301c93bcd72ee4ae37c494839cc6.gcov,relative source: std/core/array.cj
2022/11/30 15:50:43.959853 WARN  /home/gsy/phdel/std/sort/array.cj does not exist, it is read from /home/gsy/phdel/libphonenumber.internal.gcno##array.cj##b2a14732f3190aba89e922f1739c45a7.gcov,relative source: std/sort/array.cj
2022/11/30 15:50:43.960304 WARN  /home/gsy/phdel/std/collection/array_list.cj does not exist, it is read from /home/gsy/phdel/libphonenumber.internal.gcno##array_list.cj##a47827985fadbfa3b292b17368bdd36c.gcov,relative source: std/collection/array_list.cj
2022/11/30 15:50:43.960738 WARN  /home/gsy/phdel/std/core/collection.cj does not exist, it is read from /home/gsy/phdel/libphonenumber.internal.gcno##collection.cj##d5e9717078bb7d1fec05226ebed11c2e.gcov,relative source: std/core/collection.cj
2022/11/30 15:50:43.961179 WARN  /home/gsy/phdel/serialization/serialization/data_model.cj does not exist, it is read from /home/gsy/phdel/libphonenumber.internal.gcno##data_model.cj##b7199241b78806c9faa0828ba092a253.gcov,relative source: serialization/serialization/data_model.cj
2022/11/30 15:50:43.961893 WARN  /home/gsy/phdel/std/collection/hash_map.cj does not exist, it is read from /home/gsy/phdel/libphonenumber.internal.gcno##hash_map.cj##6ac3e30293571947c78624b211b7f0d2.gcov,relative source: std/collection/hash_map.cj
2022/11/30 15:50:43.962756 WARN  /home/gsy/phdel/std/collection/middle_operation.cj does not exist, it is read from /home/gsy/phdel/libphonenumber.internal.gcno##middle_operation.cj##651d5860bd11fc2b5f5dcff4eb2fc8b3.gcov,relative source: std/collection/middle_operation.cj
2022/11/30 15:50:43.963204 WARN  /home/gsy/phdel/std/core/option.cj does not exist, it is read from /home/gsy/phdel/libphonenumber.internal.gcno##option.cj##3156cb93630270b92287adbbb0bd1a7c.gcov,relative source: std/core/option.cj
2022/11/30 15:50:43.963645 WARN  /home/gsy/phdel/std/core/range.cj does not exist, it is read from /home/gsy/phdel/libphonenumber.internal.gcno##range.cj##ee2ed641d059020f12c3e15cf4de6a55.gcov,relative source: std/core/range.cj
2022/11/30 15:50:43.964662 WARN  /home/gsy/phdel/serialization/serialization/serializable.cj does not exist, it is read from /home/gsy/phdel/libphonenumber.internal.gcno##serializable.cj##dfe88698755ac7e288555f5e78f06478.gcov,relative source: serialization/serialization/serializable.cj
2022/11/30 15:50:43.965111 WARN  /home/gsy/phdel/std/sort/sort_by.cj does not exist, it is read from /home/gsy/phdel/libphonenumber.internal.gcno##sort_by.cj##a89af389955f73a8d87d7b736990a902.gcov,relative source: std/sort/sort_by.cj
2022/11/30 15:50:43.965551 WARN  /home/gsy/phdel/std/core/to_string.cj does not exist, it is read from /home/gsy/phdel/libphonenumber.internal.gcno##to_string.cj##4f50903fa08f8fcb23ee8f57d4d351cd.gcov,relative source: std/core/to_string.cj
2022/11/30 15:50:43.966023 WARN  /home/gsy/phdel/std/core/array.cj does not exist, it is read from /home/gsy/phdel/libphonenumber.metadata.gcno##array.cj##35ab301c93bcd72ee4ae37c494839cc6.gcov,relative source: std/core/array.cj
2022/11/30 15:50:43.966470 WARN  /home/gsy/phdel/std/sort/array.cj does not exist, it is read from /home/gsy/phdel/libphonenumber.metadata.gcno##array.cj##b2a14732f3190aba89e922f1739c45a7.gcov,relative source: std/sort/array.cj
2022/11/30 15:50:43.966908 WARN  /home/gsy/phdel/std/collection/array_list.cj does not exist, it is read from /home/gsy/phdel/libphonenumber.metadata.gcno##array_list.cj##a47827985fadbfa3b292b17368bdd36c.gcov,relative source: std/collection/array_list.cj
2022/11/30 15:50:43.967948 WARN  /home/gsy/phdel/std/core/collection.cj does not exist, it is read from /home/gsy/phdel/libphonenumber.metadata.gcno##collection.cj##d5e9717078bb7d1fec05226ebed11c2e.gcov,relative source: std/core/collection.cj
2022/11/30 15:50:43.968745 WARN  /home/gsy/phdel/serialization/serialization/data_model.cj does not exist, it is read from /home/gsy/phdel/libphonenumber.metadata.gcno##data_model.cj##b7199241b78806c9faa0828ba092a253.gcov,relative source: serialization/serialization/data_model.cj
2022/11/30 15:50:43.969877 WARN  /home/gsy/phdel/std/collection/hash_map.cj does not exist, it is read from /home/gsy/phdel/libphonenumber.metadata.gcno##hash_map.cj##6ac3e30293571947c78624b211b7f0d2.gcov,relative source: std/collection/hash_map.cj
2022/11/30 15:50:43.971382 WARN  /home/gsy/phdel/std/collection/middle_operation.cj does not exist, it is read from /home/gsy/phdel/libphonenumber.metadata.gcno##middle_operation.cj##651d5860bd11fc2b5f5dcff4eb2fc8b3.gcov,relative source: std/collection/middle_operation.cj
2022/11/30 15:50:43.972159 WARN  /home/gsy/phdel/std/core/option.cj does not exist, it is read from /home/gsy/phdel/libphonenumber.metadata.gcno##option.cj##3156cb93630270b92287adbbb0bd1a7c.gcov,relative source: std/core/option.cj
2022/11/30 15:50:43.972614 WARN  /home/gsy/phdel/std/core/range.cj does not exist, it is read from /home/gsy/phdel/libphonenumber.metadata.gcno##range.cj##ee2ed641d059020f12c3e15cf4de6a55.gcov,relative source: std/core/range.cj
2022/11/30 15:50:43.973447 WARN  /home/gsy/phdel/serialization/serialization/serializable.cj does not exist, it is read from /home/gsy/phdel/libphonenumber.metadata.gcno##serializable.cj##dfe88698755ac7e288555f5e78f06478.gcov,relative source: serialization/serialization/serializable.cj
2022/11/30 15:50:43.973904 WARN  /home/gsy/phdel/std/sort/sort_by.cj does not exist, it is read from /home/gsy/phdel/libphonenumber.metadata.gcno##sort_by.cj##a89af389955f73a8d87d7b736990a902.gcov,relative source: std/sort/sort_by.cj
2022/11/30 15:50:43.974346 WARN  /home/gsy/phdel/std/core/to_string.cj does not exist, it is read from /home/gsy/phdel/libphonenumber.metadata.gcno##to_string.cj##4f50903fa08f8fcb23ee8f57d4d351cd.gcov,relative source: std/core/to_string.cj
2022/11/30 15:50:43.974790 WARN  /home/gsy/phdel/std/core/array.cj does not exist, it is read from /home/gsy/phdel/prefixmapper.gcno##array.cj##35ab301c93bcd72ee4ae37c494839cc6.gcov,relative source: std/core/array.cj
2022/11/30 15:50:43.975234 WARN  /home/gsy/phdel/std/core/collection.cj does not exist, it is read from /home/gsy/phdel/prefixmapper.gcno##collection.cj##d5e9717078bb7d1fec05226ebed11c2e.gcov,relative source: std/core/collection.cj
2022/11/30 15:50:43.975669 WARN  /home/gsy/phdel/std/collection/hash_map.cj does not exist, it is read from /home/gsy/phdel/prefixmapper.gcno##hash_map.cj##6ac3e30293571947c78624b211b7f0d2.gcov,relative source: std/collection/hash_map.cj
2022/11/30 15:50:43.976111 WARN  /home/gsy/phdel/std/collection/hash_set.cj does not exist, it is read from /home/gsy/phdel/prefixmapper.gcno##hash_set.cj##3394b9e4414c412bcdffac3f82e162e7.gcov,relative source: std/collection/hash_set.cj
2022/11/30 15:50:43.976548 WARN  /home/gsy/phdel/std/collection/middle_operation.cj does not exist, it is read from /home/gsy/phdel/prefixmapper.gcno##middle_operation.cj##651d5860bd11fc2b5f5dcff4eb2fc8b3.gcov,relative source: std/collection/middle_operation.cj
2022/11/30 15:50:43.976985 WARN  /home/gsy/phdel/std/core/option.cj does not exist, it is read from /home/gsy/phdel/prefixmapper.gcno##option.cj##3156cb93630270b92287adbbb0bd1a7c.gcov,relative source: std/core/option.cj
2022/11/30 15:50:43.977628 WARN  /home/gsy/phdel/std/core/range.cj does not exist, it is read from /home/gsy/phdel/prefixmapper.gcno##range.cj##ee2ed641d059020f12c3e15cf4de6a55.gcov,relative source: std/core/range.cj
2022/11/30 15:50:43.978132 WARN  /home/gsy/phdel/std/core/array.cj does not exist, it is read from /home/gsy/phdel/ci_test/test_temp/run/metadata_source_impl_test_01_cj_1669794569_1145036/default.gcno##array.cj##35ab301c93bcd72ee4ae37c494839cc6.gcov,relative source: std/core/array.cj
2022/11/30 15:50:43.978641 WARN  /home/gsy/phdel/std/sort/array.cj does not exist, it is read from /home/gsy/phdel/ci_test/test_temp/run/metadata_source_impl_test_01_cj_1669794569_1145036/default.gcno##array.cj##b2a14732f3190aba89e922f1739c45a7.gcov,relative source: std/sort/array.cj
2022/11/30 15:50:43.979178 WARN  /home/gsy/phdel/std/collection/array_list.cj does not exist, it is read from /home/gsy/phdel/ci_test/test_temp/run/metadata_source_impl_test_01_cj_1669794569_1145036/default.gcno##array_list.cj##a47827985fadbfa3b292b17368bdd36c.gcov,relative source: std/collection/array_list.cj
2022/11/30 15:50:43.980048 WARN  /home/gsy/phdel/std/core/collection.cj does not exist, it is read from /home/gsy/phdel/ci_test/test_temp/run/metadata_source_impl_test_01_cj_1669794569_1145036/default.gcno##collection.cj##d5e9717078bb7d1fec05226ebed11c2e.gcov,relative source: std/core/collection.cj
2022/11/30 15:50:43.980543 WARN  /home/gsy/phdel/serialization/serialization/data_model.cj does not exist, it is read from /home/gsy/phdel/ci_test/test_temp/run/metadata_source_impl_test_01_cj_1669794569_1145036/default.gcno##data_model.cj##b7199241b78806c9faa0828ba092a253.gcov,relative source: serialization/serialization/data_model.cj
2022/11/30 15:50:43.981032 WARN  /home/gsy/phdel/std/collection/hash_map.cj does not exist, it is read from /home/gsy/phdel/ci_test/test_temp/run/metadata_source_impl_test_01_cj_1669794569_1145036/default.gcno##hash_map.cj##6ac3e30293571947c78624b211b7f0d2.gcov,relative source: std/collection/hash_map.cj
2022/11/30 15:50:43.981787 WARN  /home/gsy/phdel/std/collection/middle_operation.cj does not exist, it is read from /home/gsy/phdel/ci_test/test_temp/run/metadata_source_impl_test_01_cj_1669794569_1145036/default.gcno##middle_operation.cj##651d5860bd11fc2b5f5dcff4eb2fc8b3.gcov,relative source: std/collection/middle_operation.cj
2022/11/30 15:50:43.982282 WARN  /home/gsy/phdel/std/core/option.cj does not exist, it is read from /home/gsy/phdel/ci_test/test_temp/run/metadata_source_impl_test_01_cj_1669794569_1145036/default.gcno##option.cj##3156cb93630270b92287adbbb0bd1a7c.gcov,relative source: std/core/option.cj
2022/11/30 15:50:43.982776 WARN  /home/gsy/phdel/std/core/range.cj does not exist, it is read from /home/gsy/phdel/ci_test/test_temp/run/metadata_source_impl_test_01_cj_1669794569_1145036/default.gcno##range.cj##ee2ed641d059020f12c3e15cf4de6a55.gcov,relative source: std/core/range.cj
2022/11/30 15:50:43.983266 WARN  /home/gsy/phdel/serialization/serialization/serializable.cj does not exist, it is read from /home/gsy/phdel/ci_test/test_temp/run/metadata_source_impl_test_01_cj_1669794569_1145036/default.gcno##serializable.cj##dfe88698755ac7e288555f5e78f06478.gcov,relative source: serialization/serialization/serializable.cj
2022/11/30 15:50:43.983765 WARN  /home/gsy/phdel/std/sort/sort_by.cj does not exist, it is read from /home/gsy/phdel/ci_test/test_temp/run/metadata_source_impl_test_01_cj_1669794569_1145036/default.gcno##sort_by.cj##a89af389955f73a8d87d7b736990a902.gcov,relative source: std/sort/sort_by.cj
2022/11/30 15:50:43.984258 WARN  /home/gsy/phdel/std/core/to_string.cj does not exist, it is read from /home/gsy/phdel/ci_test/test_temp/run/metadata_source_impl_test_01_cj_1669794569_1145036/default.gcno##to_string.cj##4f50903fa08f8fcb23ee8f57d4d351cd.gcov,relative source: std/core/to_string.cj
2022/11/30 15:50:43.984796 WARN  /home/gsy/phdel/std/core/option.cj does not exist, it is read from /home/gsy/phdel/ci_test/test_temp/run/phone_format_test_01_CN_cj_1669794602_3267276/default.gcno##option.cj##3156cb93630270b92287adbbb0bd1a7c.gcov,relative source: std/core/option.cj
2022/11/30 15:50:43.985605 WARN  /home/gsy/phdel/std/core/option.cj does not exist, it is read from /home/gsy/phdel/ci_test/test_temp/run/phone_format_test_01_US_cj_1669794603_436986/default.gcno##option.cj##3156cb93630270b92287adbbb0bd1a7c.gcov,relative source: std/core/option.cj
2022/11/30 15:50:43.986316 WARN  /home/gsy/phdel/std/core/option.cj does not exist, it is read from /home/gsy/phdel/ci_test/test_temp/run/phone_format_test_02_CN_cj_1669794604_410946/default.gcno##option.cj##3156cb93630270b92287adbbb0bd1a7c.gcov,relative source: std/core/option.cj
2022/11/30 15:50:43.987023 WARN  /home/gsy/phdel/std/core/option.cj does not exist, it is read from /home/gsy/phdel/ci_test/test_temp/run/phone_format_test_02_US_cj_1669794605_3923886/default.gcno##option.cj##3156cb93630270b92287adbbb0bd1a7c.gcov,relative source: std/core/option.cj
2022/11/30 15:50:43.987731 WARN  /home/gsy/phdel/std/core/option.cj does not exist, it is read from /home/gsy/phdel/ci_test/test_temp/run/phone_format_test_03_CN_cj_1669794606_3923357/default.gcno##option.cj##3156cb93630270b92287adbbb0bd1a7c.gcov,relative source: std/core/option.cj
2022/11/30 15:50:43.988561 WARN  /home/gsy/phdel/std/core/option.cj does not exist, it is read from /home/gsy/phdel/ci_test/test_temp/run/phone_format_test_03_US_cj_1669794607_3840144/default.gcno##option.cj##3156cb93630270b92287adbbb0bd1a7c.gcov,relative source: std/core/option.cj
2022/11/30 15:50:43.989286 WARN  /home/gsy/phdel/std/core/option.cj does not exist, it is read from /home/gsy/phdel/ci_test/test_temp/run/phone_format_test_04_CN_cj_1669794608_3666384/default.gcno##option.cj##3156cb93630270b92287adbbb0bd1a7c.gcov,relative source: std/core/option.cj
2022/11/30 15:50:43.990010 WARN  /home/gsy/phdel/std/core/option.cj does not exist, it is read from /home/gsy/phdel/ci_test/test_temp/run/phone_format_test_04_US_cj_1669794609_3724828/default.gcno##option.cj##3156cb93630270b92287adbbb0bd1a7c.gcov,relative source: std/core/option.cj
2022/11/30 15:50:43.990727 WARN  /home/gsy/phdel/std/core/array.cj does not exist, it is read from /home/gsy/phdel/ci_test/test_temp/run/phone_format_test_05_CN_cj_1669794610_3686016/default.gcno##array.cj##35ab301c93bcd72ee4ae37c494839cc6.gcov,relative source: std/core/array.cj
2022/11/30 15:50:43.991218 WARN  /home/gsy/phdel/std/sort/array.cj does not exist, it is read from /home/gsy/phdel/ci_test/test_temp/run/phone_format_test_05_CN_cj_1669794610_3686016/default.gcno##array.cj##b2a14732f3190aba89e922f1739c45a7.gcov,relative source: std/sort/array.cj
2022/11/30 15:50:43.991704 WARN  /home/gsy/phdel/std/collection/array_list.cj does not exist, it is read from /home/gsy/phdel/ci_test/test_temp/run/phone_format_test_05_CN_cj_1669794610_3686016/default.gcno##array_list.cj##a47827985fadbfa3b292b17368bdd36c.gcov,relative source: std/collection/array_list.cj
2022/11/30 15:50:43.992194 WARN  /home/gsy/phdel/std/core/collection.cj does not exist, it is read from /home/gsy/phdel/ci_test/test_temp/run/phone_format_test_05_CN_cj_1669794610_3686016/default.gcno##collection.cj##d5e9717078bb7d1fec05226ebed11c2e.gcov,relative source: std/core/collection.cj
2022/11/30 15:50:43.992688 WARN  /home/gsy/phdel/std/core/option.cj does not exist, it is read from /home/gsy/phdel/ci_test/test_temp/run/phone_format_test_05_CN_cj_1669794610_3686016/default.gcno##option.cj##3156cb93630270b92287adbbb0bd1a7c.gcov,relative source: std/core/option.cj
2022/11/30 15:50:43.993421 WARN  /home/gsy/phdel/std/core/range.cj does not exist, it is read from /home/gsy/phdel/ci_test/test_temp/run/phone_format_test_05_CN_cj_1669794610_3686016/default.gcno##range.cj##ee2ed641d059020f12c3e15cf4de6a55.gcov,relative source: std/core/range.cj
2022/11/30 15:50:43.993912 WARN  /home/gsy/phdel/std/sort/sort_by.cj does not exist, it is read from /home/gsy/phdel/ci_test/test_temp/run/phone_format_test_05_CN_cj_1669794610_3686016/default.gcno##sort_by.cj##a89af389955f73a8d87d7b736990a902.gcov,relative source: std/sort/sort_by.cj
2022/11/30 15:50:43.994412 WARN  /home/gsy/phdel/std/core/array.cj does not exist, it is read from /home/gsy/phdel/ci_test/test_temp/run/phone_format_test_06_CN_cj_1669794612_0858135/default.gcno##array.cj##35ab301c93bcd72ee4ae37c494839cc6.gcov,relative source: std/core/array.cj
2022/11/30 15:50:43.994896 WARN  /home/gsy/phdel/std/sort/array.cj does not exist, it is read from /home/gsy/phdel/ci_test/test_temp/run/phone_format_test_06_CN_cj_1669794612_0858135/default.gcno##array.cj##b2a14732f3190aba89e922f1739c45a7.gcov,relative source: std/sort/array.cj
2022/11/30 15:50:43.995385 WARN  /home/gsy/phdel/std/collection/array_list.cj does not exist, it is read from /home/gsy/phdel/ci_test/test_temp/run/phone_format_test_06_CN_cj_1669794612_0858135/default.gcno##array_list.cj##a47827985fadbfa3b292b17368bdd36c.gcov,relative source: std/collection/array_list.cj
2022/11/30 15:50:43.995890 WARN  /home/gsy/phdel/std/core/collection.cj does not exist, it is read from /home/gsy/phdel/ci_test/test_temp/run/phone_format_test_06_CN_cj_1669794612_0858135/default.gcno##collection.cj##d5e9717078bb7d1fec05226ebed11c2e.gcov,relative source: std/core/collection.cj
2022/11/30 15:50:43.996371 WARN  /home/gsy/phdel/std/core/option.cj does not exist, it is read from /home/gsy/phdel/ci_test/test_temp/run/phone_format_test_06_CN_cj_1669794612_0858135/default.gcno##option.cj##3156cb93630270b92287adbbb0bd1a7c.gcov,relative source: std/core/option.cj
2022/11/30 15:50:43.997077 WARN  /home/gsy/phdel/std/core/range.cj does not exist, it is read from /home/gsy/phdel/ci_test/test_temp/run/phone_format_test_06_CN_cj_1669794612_0858135/default.gcno##range.cj##ee2ed641d059020f12c3e15cf4de6a55.gcov,relative source: std/core/range.cj
2022/11/30 15:50:43.997566 WARN  /home/gsy/phdel/std/sort/sort_by.cj does not exist, it is read from /home/gsy/phdel/ci_test/test_temp/run/phone_format_test_06_CN_cj_1669794612_0858135/default.gcno##sort_by.cj##a89af389955f73a8d87d7b736990a902.gcov,relative source: std/sort/sort_by.cj
2022/11/30 15:50:43.998056 WARN  /home/gsy/phdel/std/core/array.cj does not exist, it is read from /home/gsy/phdel/ci_test/test_temp/run/phone_format_test_07_CN_cj_1669794613_7100668/default.gcno##array.cj##35ab301c93bcd72ee4ae37c494839cc6.gcov,relative source: std/core/array.cj
2022/11/30 15:50:43.998542 WARN  /home/gsy/phdel/std/sort/array.cj does not exist, it is read from /home/gsy/phdel/ci_test/test_temp/run/phone_format_test_07_CN_cj_1669794613_7100668/default.gcno##array.cj##b2a14732f3190aba89e922f1739c45a7.gcov,relative source: std/sort/array.cj
2022/11/30 15:50:43.999026 WARN  /home/gsy/phdel/std/collection/array_list.cj does not exist, it is read from /home/gsy/phdel/ci_test/test_temp/run/phone_format_test_07_CN_cj_1669794613_7100668/default.gcno##array_list.cj##a47827985fadbfa3b292b17368bdd36c.gcov,relative source: std/collection/array_list.cj
2022/11/30 15:50:43.999515 WARN  /home/gsy/phdel/std/core/collection.cj does not exist, it is read from /home/gsy/phdel/ci_test/test_temp/run/phone_format_test_07_CN_cj_1669794613_7100668/default.gcno##collection.cj##d5e9717078bb7d1fec05226ebed11c2e.gcov,relative source: std/core/collection.cj
2022/11/30 15:50:44.000081 WARN  /home/gsy/phdel/std/core/option.cj does not exist, it is read from /home/gsy/phdel/ci_test/test_temp/run/phone_format_test_07_CN_cj_1669794613_7100668/default.gcno##option.cj##3156cb93630270b92287adbbb0bd1a7c.gcov,relative source: std/core/option.cj
2022/11/30 15:50:44.007113 WARN  /home/gsy/phdel/std/core/range.cj does not exist, it is read from /home/gsy/phdel/ci_test/test_temp/run/phone_format_test_07_CN_cj_1669794613_7100668/default.gcno##range.cj##ee2ed641d059020f12c3e15cf4de6a55.gcov,relative source: std/core/range.cj
2022/11/30 15:50:44.011972 WARN  /home/gsy/phdel/std/sort/sort_by.cj does not exist, it is read from /home/gsy/phdel/ci_test/test_temp/run/phone_format_test_07_CN_cj_1669794613_7100668/default.gcno##sort_by.cj##a89af389955f73a8d87d7b736990a902.gcov,relative source: std/sort/sort_by.cj
2022/11/30 15:50:44.016866 WARN  /home/gsy/phdel/std/core/array.cj does not exist, it is read from /home/gsy/phdel/ci_test/test_temp/run/phone_format_test_08_CN_cj_1669794615_4799113/default.gcno##array.cj##35ab301c93bcd72ee4ae37c494839cc6.gcov,relative source: std/core/array.cj
2022/11/30 15:50:44.021729 WARN  /home/gsy/phdel/std/sort/array.cj does not exist, it is read from /home/gsy/phdel/ci_test/test_temp/run/phone_format_test_08_CN_cj_1669794615_4799113/default.gcno##array.cj##b2a14732f3190aba89e922f1739c45a7.gcov,relative source: std/sort/array.cj
2022/11/30 15:50:44.026541 WARN  /home/gsy/phdel/std/collection/array_list.cj does not exist, it is read from /home/gsy/phdel/ci_test/test_temp/run/phone_format_test_08_CN_cj_1669794615_4799113/default.gcno##array_list.cj##a47827985fadbfa3b292b17368bdd36c.gcov,relative source: std/collection/array_list.cj
2022/11/30 15:50:44.032681 WARN  /home/gsy/phdel/std/core/collection.cj does not exist, it is read from /home/gsy/phdel/ci_test/test_temp/run/phone_format_test_08_CN_cj_1669794615_4799113/default.gcno##collection.cj##d5e9717078bb7d1fec05226ebed11c2e.gcov,relative source: std/core/collection.cj
2022/11/30 15:50:44.037647 WARN  /home/gsy/phdel/std/core/option.cj does not exist, it is read from /home/gsy/phdel/ci_test/test_temp/run/phone_format_test_08_CN_cj_1669794615_4799113/default.gcno##option.cj##3156cb93630270b92287adbbb0bd1a7c.gcov,relative source: std/core/option.cj
2022/11/30 15:50:44.044686 WARN  /home/gsy/phdel/std/core/range.cj does not exist, it is read from /home/gsy/phdel/ci_test/test_temp/run/phone_format_test_08_CN_cj_1669794615_4799113/default.gcno##range.cj##ee2ed641d059020f12c3e15cf4de6a55.gcov,relative source: std/core/range.cj
2022/11/30 15:50:44.049772 WARN  /home/gsy/phdel/std/sort/sort_by.cj does not exist, it is read from /home/gsy/phdel/ci_test/test_temp/run/phone_format_test_08_CN_cj_1669794615_4799113/default.gcno##sort_by.cj##a89af389955f73a8d87d7b736990a902.gcov,relative source: std/sort/sort_by.cj
2022/11/30 15:50:44.054629 WARN  /home/gsy/phdel/std/core/array.cj does not exist, it is read from /home/gsy/phdel/ci_test/test_temp/run/phone_format_test_09_CN_cj_1669794617_1057708/default.gcno##array.cj##35ab301c93bcd72ee4ae37c494839cc6.gcov,relative source: std/core/array.cj
2022/11/30 15:50:44.059426 WARN  /home/gsy/phdel/std/sort/array.cj does not exist, it is read from /home/gsy/phdel/ci_test/test_temp/run/phone_format_test_09_CN_cj_1669794617_1057708/default.gcno##array.cj##b2a14732f3190aba89e922f1739c45a7.gcov,relative source: std/sort/array.cj
2022/11/30 15:50:44.064215 WARN  /home/gsy/phdel/std/collection/array_list.cj does not exist, it is read from /home/gsy/phdel/ci_test/test_temp/run/phone_format_test_09_CN_cj_1669794617_1057708/default.gcno##array_list.cj##a47827985fadbfa3b292b17368bdd36c.gcov,relative source: std/collection/array_list.cj
2022/11/30 15:50:44.068956 WARN  /home/gsy/phdel/std/core/collection.cj does not exist, it is read from /home/gsy/phdel/ci_test/test_temp/run/phone_format_test_09_CN_cj_1669794617_1057708/default.gcno##collection.cj##d5e9717078bb7d1fec05226ebed11c2e.gcov,relative source: std/core/collection.cj
2022/11/30 15:50:44.073727 WARN  /home/gsy/phdel/std/core/option.cj does not exist, it is read from /home/gsy/phdel/ci_test/test_temp/run/phone_format_test_09_CN_cj_1669794617_1057708/default.gcno##option.cj##3156cb93630270b92287adbbb0bd1a7c.gcov,relative source: std/core/option.cj
2022/11/30 15:50:44.080670 WARN  /home/gsy/phdel/std/core/range.cj does not exist, it is read from /home/gsy/phdel/ci_test/test_temp/run/phone_format_test_09_CN_cj_1669794617_1057708/default.gcno##range.cj##ee2ed641d059020f12c3e15cf4de6a55.gcov,relative source: std/core/range.cj
2022/11/30 15:50:44.085476 WARN  /home/gsy/phdel/std/sort/sort_by.cj does not exist, it is read from /home/gsy/phdel/ci_test/test_temp/run/phone_format_test_09_CN_cj_1669794617_1057708/default.gcno##sort_by.cj##a89af389955f73a8d87d7b736990a902.gcov,relative source: std/sort/sort_by.cj
2022/11/30 15:50:44.090299 WARN  /home/gsy/phdel/std/core/option.cj does not exist, it is read from /home/gsy/phdel/ci_test/test_temp/run/phone_format_test_10_CN_cj_1669794618_7684393/default.gcno##option.cj##3156cb93630270b92287adbbb0bd1a7c.gcov,relative source: std/core/option.cj
2022/11/30 15:50:44.097462 WARN  /home/gsy/phdel/std/core/option.cj does not exist, it is read from /home/gsy/phdel/ci_test/test_temp/run/phone_format_test_10_US_cj_1669794619_7734025/default.gcno##option.cj##3156cb93630270b92287adbbb0bd1a7c.gcov,relative source: std/core/option.cj
2022/11/30 15:50:44.104664 WARN  /home/gsy/phdel/std/core/option.cj does not exist, it is read from /home/gsy/phdel/ci_test/test_temp/run/phone_format_test_11_CN_cj_1669794620_7449565/default.gcno##option.cj##3156cb93630270b92287adbbb0bd1a7c.gcov,relative source: std/core/option.cj
2022/11/30 15:50:44.112219 WARN  /home/gsy/phdel/std/core/option.cj does not exist, it is read from /home/gsy/phdel/ci_test/test_temp/run/phone_format_test_11_US_cj_1669794621_7274837/default.gcno##option.cj##3156cb93630270b92287adbbb0bd1a7c.gcov,relative source: std/core/option.cj
2022/11/30 15:50:44.119250 WARN  /home/gsy/phdel/std/core/option.cj does not exist, it is read from /home/gsy/phdel/ci_test/test_temp/run/phone_format_test_12_CN_cj_1669794622_6954982/default.gcno##option.cj##3156cb93630270b92287adbbb0bd1a7c.gcov,relative source: std/core/option.cj
2022/11/30 15:50:44.126621 WARN  /home/gsy/phdel/std/core/option.cj does not exist, it is read from /home/gsy/phdel/ci_test/test_temp/run/phone_format_test_12_US_cj_1669794623_7253358/default.gcno##option.cj##3156cb93630270b92287adbbb0bd1a7c.gcov,relative source: std/core/option.cj
2022/11/30 15:50:44.133663 WARN  /home/gsy/phdel/std/core/option.cj does not exist, it is read from /home/gsy/phdel/ci_test/test_temp/run/phone_format_test_13_CN_cj_1669794624_7027194/default.gcno##option.cj##3156cb93630270b92287adbbb0bd1a7c.gcov,relative source: std/core/option.cj
2022/11/30 15:50:44.140658 WARN  /home/gsy/phdel/std/core/option.cj does not exist, it is read from /home/gsy/phdel/ci_test/test_temp/run/phone_format_test_13_US_cj_1669794625_6770399/default.gcno##option.cj##3156cb93630270b92287adbbb0bd1a7c.gcov,relative source: std/core/option.cj
2022/11/30 15:50:44.147638 WARN  /home/gsy/phdel/std/core/option.cj does not exist, it is read from /home/gsy/phdel/ci_test/test_temp/run/phone_format_test_14_US_cj_1669794626_650546/default.gcno##option.cj##3156cb93630270b92287adbbb0bd1a7c.gcov,relative source: std/core/option.cj
2022/11/30 15:50:44.154720 WARN  /home/gsy/phdel/std/core/option.cj does not exist, it is read from /home/gsy/phdel/ci_test/test_temp/run/phone_format_test_15_CN_cj_1669794627_6252778/default.gcno##option.cj##3156cb93630270b92287adbbb0bd1a7c.gcov,relative source: std/core/option.cj
2022/11/30 15:50:44.161892 WARN  /home/gsy/phdel/std/core/option.cj does not exist, it is read from /home/gsy/phdel/ci_test/test_temp/run/phone_format_test_15_US_cj_1669794628_6179404/default.gcno##option.cj##3156cb93630270b92287adbbb0bd1a7c.gcov,relative source: std/core/option.cj
2022/11/30 15:50:44.169058 WARN  /home/gsy/phdel/std/core/array.cj does not exist, it is read from /home/gsy/phdel/ci_test/test_temp/run/phone_metadata_cn_test_01_cj_1669794572_1397805/default.gcno##array.cj##35ab301c93bcd72ee4ae37c494839cc6.gcov,relative source: std/core/array.cj
2022/11/30 15:50:44.173875 WARN  /home/gsy/phdel/std/sort/array.cj does not exist, it is read from /home/gsy/phdel/ci_test/test_temp/run/phone_metadata_cn_test_01_cj_1669794572_1397805/default.gcno##array.cj##b2a14732f3190aba89e922f1739c45a7.gcov,relative source: std/sort/array.cj
2022/11/30 15:50:44.179960 WARN  /home/gsy/phdel/std/collection/array_list.cj does not exist, it is read from /home/gsy/phdel/ci_test/test_temp/run/phone_metadata_cn_test_01_cj_1669794572_1397805/default.gcno##array_list.cj##a47827985fadbfa3b292b17368bdd36c.gcov,relative source: std/collection/array_list.cj
2022/11/30 15:50:44.185222 WARN  /home/gsy/phdel/std/core/collection.cj does not exist, it is read from /home/gsy/phdel/ci_test/test_temp/run/phone_metadata_cn_test_01_cj_1669794572_1397805/default.gcno##collection.cj##d5e9717078bb7d1fec05226ebed11c2e.gcov,relative source: std/core/collection.cj
2022/11/30 15:50:44.190212 WARN  /home/gsy/phdel/serialization/serialization/data_model.cj does not exist, it is read from /home/gsy/phdel/ci_test/test_temp/run/phone_metadata_cn_test_01_cj_1669794572_1397805/default.gcno##data_model.cj##b7199241b78806c9faa0828ba092a253.gcov,relative source: serialization/serialization/data_model.cj
2022/11/30 15:50:44.195031 WARN  /home/gsy/phdel/std/collection/hash_map.cj does not exist, it is read from /home/gsy/phdel/ci_test/test_temp/run/phone_metadata_cn_test_01_cj_1669794572_1397805/default.gcno##hash_map.cj##6ac3e30293571947c78624b211b7f0d2.gcov,relative source: std/collection/hash_map.cj
2022/11/30 15:50:44.200743 WARN  /home/gsy/phdel/std/collection/middle_operation.cj does not exist, it is read from /home/gsy/phdel/ci_test/test_temp/run/phone_metadata_cn_test_01_cj_1669794572_1397805/default.gcno##middle_operation.cj##651d5860bd11fc2b5f5dcff4eb2fc8b3.gcov,relative source: std/collection/middle_operation.cj
2022/11/30 15:50:44.205611 WARN  /home/gsy/phdel/std/core/option.cj does not exist, it is read from /home/gsy/phdel/ci_test/test_temp/run/phone_metadata_cn_test_01_cj_1669794572_1397805/default.gcno##option.cj##3156cb93630270b92287adbbb0bd1a7c.gcov,relative source: std/core/option.cj
2022/11/30 15:50:44.216689 WARN  /home/gsy/phdel/std/core/range.cj does not exist, it is read from /home/gsy/phdel/ci_test/test_temp/run/phone_metadata_cn_test_01_cj_1669794572_1397805/default.gcno##range.cj##ee2ed641d059020f12c3e15cf4de6a55.gcov,relative source: std/core/range.cj
2022/11/30 15:50:44.221612 WARN  /home/gsy/phdel/serialization/serialization/serializable.cj does not exist, it is read from /home/gsy/phdel/ci_test/test_temp/run/phone_metadata_cn_test_01_cj_1669794572_1397805/default.gcno##serializable.cj##dfe88698755ac7e288555f5e78f06478.gcov,relative source: serialization/serialization/serializable.cj
2022/11/30 15:50:44.226425 WARN  /home/gsy/phdel/std/sort/sort_by.cj does not exist, it is read from /home/gsy/phdel/ci_test/test_temp/run/phone_metadata_cn_test_01_cj_1669794572_1397805/default.gcno##sort_by.cj##a89af389955f73a8d87d7b736990a902.gcov,relative source: std/sort/sort_by.cj
2022/11/30 15:50:44.231229 WARN  /home/gsy/phdel/std/core/to_string.cj does not exist, it is read from /home/gsy/phdel/ci_test/test_temp/run/phone_metadata_cn_test_01_cj_1669794572_1397805/default.gcno##to_string.cj##4f50903fa08f8fcb23ee8f57d4d351cd.gcov,relative source: std/core/to_string.cj
2022/11/30 15:50:44.236127 WARN  /home/gsy/phdel/std/core/option.cj does not exist, it is read from /home/gsy/phdel/ci_test/test_temp/run/phone_metadata_test_01_cj_1669794629_697764/default.gcno##option.cj##3156cb93630270b92287adbbb0bd1a7c.gcov,relative source: std/core/option.cj
2022/11/30 15:50:44.243240 WARN  /home/gsy/phdel/std/core/option.cj does not exist, it is read from /home/gsy/phdel/ci_test/test_temp/run/phone_metadata_test_02_cj_1669794630_412865/default.gcno##option.cj##3156cb93630270b92287adbbb0bd1a7c.gcov,relative source: std/core/option.cj
2022/11/30 15:50:44.250447 WARN  /home/gsy/phdel/std/core/array.cj does not exist, it is read from /home/gsy/phdel/ci_test/test_temp/run/phone_metadata_test_03_cj_1669794631_1081855/default.gcno##array.cj##35ab301c93bcd72ee4ae37c494839cc6.gcov,relative source: std/core/array.cj
2022/11/30 15:50:44.255235 WARN  /home/gsy/phdel/std/sort/array.cj does not exist, it is read from /home/gsy/phdel/ci_test/test_temp/run/phone_metadata_test_03_cj_1669794631_1081855/default.gcno##array.cj##b2a14732f3190aba89e922f1739c45a7.gcov,relative source: std/sort/array.cj
2022/11/30 15:50:44.260063 WARN  /home/gsy/phdel/std/collection/array_list.cj does not exist, it is read from /home/gsy/phdel/ci_test/test_temp/run/phone_metadata_test_03_cj_1669794631_1081855/default.gcno##array_list.cj##a47827985fadbfa3b292b17368bdd36c.gcov,relative source: std/collection/array_list.cj
2022/11/30 15:50:44.264919 WARN  /home/gsy/phdel/std/core/collection.cj does not exist, it is read from /home/gsy/phdel/ci_test/test_temp/run/phone_metadata_test_03_cj_1669794631_1081855/default.gcno##collection.cj##d5e9717078bb7d1fec05226ebed11c2e.gcov,relative source: std/core/collection.cj
2022/11/30 15:50:44.269758 WARN  /home/gsy/phdel/std/core/option.cj does not exist, it is read from /home/gsy/phdel/ci_test/test_temp/run/phone_metadata_test_03_cj_1669794631_1081855/default.gcno##option.cj##3156cb93630270b92287adbbb0bd1a7c.gcov,relative source: std/core/option.cj
2022/11/30 15:50:44.277559 WARN  /home/gsy/phdel/std/core/range.cj does not exist, it is read from /home/gsy/phdel/ci_test/test_temp/run/phone_metadata_test_03_cj_1669794631_1081855/default.gcno##range.cj##ee2ed641d059020f12c3e15cf4de6a55.gcov,relative source: std/core/range.cj
2022/11/30 15:50:44.282630 WARN  /home/gsy/phdel/std/sort/sort_by.cj does not exist, it is read from /home/gsy/phdel/ci_test/test_temp/run/phone_metadata_test_03_cj_1669794631_1081855/default.gcno##sort_by.cj##a89af389955f73a8d87d7b736990a902.gcov,relative source: std/sort/sort_by.cj
2022/11/30 15:50:44.287497 WARN  /home/gsy/phdel/std/core/option.cj does not exist, it is read from /home/gsy/phdel/ci_test/test_temp/run/phone_metadata_test_04_cj_1669794632_6406095/default.gcno##option.cj##3156cb93630270b92287adbbb0bd1a7c.gcov,relative source: std/core/option.cj
2022/11/30 15:50:44.294535 WARN  /home/gsy/phdel/std/core/array.cj does not exist, it is read from /home/gsy/phdel/ci_test/test_temp/run/phone_metadata_us_test_02_cj_1669794576_534304/default.gcno##array.cj##35ab301c93bcd72ee4ae37c494839cc6.gcov,relative source: std/core/array.cj
2022/11/30 15:50:44.299405 WARN  /home/gsy/phdel/std/sort/array.cj does not exist, it is read from /home/gsy/phdel/ci_test/test_temp/run/phone_metadata_us_test_02_cj_1669794576_534304/default.gcno##array.cj##b2a14732f3190aba89e922f1739c45a7.gcov,relative source: std/sort/array.cj
2022/11/30 15:50:44.304219 WARN  /home/gsy/phdel/std/collection/array_list.cj does not exist, it is read from /home/gsy/phdel/ci_test/test_temp/run/phone_metadata_us_test_02_cj_1669794576_534304/default.gcno##array_list.cj##a47827985fadbfa3b292b17368bdd36c.gcov,relative source: std/collection/array_list.cj
2022/11/30 15:50:44.309011 WARN  /home/gsy/phdel/std/core/collection.cj does not exist, it is read from /home/gsy/phdel/ci_test/test_temp/run/phone_metadata_us_test_02_cj_1669794576_534304/default.gcno##collection.cj##d5e9717078bb7d1fec05226ebed11c2e.gcov,relative source: std/core/collection.cj
2022/11/30 15:50:44.313851 WARN  /home/gsy/phdel/serialization/serialization/data_model.cj does not exist, it is read from /home/gsy/phdel/ci_test/test_temp/run/phone_metadata_us_test_02_cj_1669794576_534304/default.gcno##data_model.cj##b7199241b78806c9faa0828ba092a253.gcov,relative source: serialization/serialization/data_model.cj
2022/11/30 15:50:44.318824 WARN  /home/gsy/phdel/std/collection/hash_map.cj does not exist, it is read from /home/gsy/phdel/ci_test/test_temp/run/phone_metadata_us_test_02_cj_1669794576_534304/default.gcno##hash_map.cj##6ac3e30293571947c78624b211b7f0d2.gcov,relative source: std/collection/hash_map.cj
2022/11/30 15:50:44.323695 WARN  /home/gsy/phdel/std/collection/middle_operation.cj does not exist, it is read from /home/gsy/phdel/ci_test/test_temp/run/phone_metadata_us_test_02_cj_1669794576_534304/default.gcno##middle_operation.cj##651d5860bd11fc2b5f5dcff4eb2fc8b3.gcov,relative source: std/collection/middle_operation.cj
2022/11/30 15:50:44.329711 WARN  /home/gsy/phdel/std/core/option.cj does not exist, it is read from /home/gsy/phdel/ci_test/test_temp/run/phone_metadata_us_test_02_cj_1669794576_534304/default.gcno##option.cj##3156cb93630270b92287adbbb0bd1a7c.gcov,relative source: std/core/option.cj
2022/11/30 15:50:44.339777 WARN  /home/gsy/phdel/std/core/range.cj does not exist, it is read from /home/gsy/phdel/ci_test/test_temp/run/phone_metadata_us_test_02_cj_1669794576_534304/default.gcno##range.cj##ee2ed641d059020f12c3e15cf4de6a55.gcov,relative source: std/core/range.cj
2022/11/30 15:50:44.346482 WARN  /home/gsy/phdel/serialization/serialization/serializable.cj does not exist, it is read from /home/gsy/phdel/ci_test/test_temp/run/phone_metadata_us_test_02_cj_1669794576_534304/default.gcno##serializable.cj##dfe88698755ac7e288555f5e78f06478.gcov,relative source: serialization/serialization/serializable.cj
2022/11/30 15:50:44.352542 WARN  /home/gsy/phdel/std/sort/sort_by.cj does not exist, it is read from /home/gsy/phdel/ci_test/test_temp/run/phone_metadata_us_test_02_cj_1669794576_534304/default.gcno##sort_by.cj##a89af389955f73a8d87d7b736990a902.gcov,relative source: std/sort/sort_by.cj
2022/11/30 15:50:44.359033 WARN  /home/gsy/phdel/std/core/to_string.cj does not exist, it is read from /home/gsy/phdel/ci_test/test_temp/run/phone_metadata_us_test_02_cj_1669794576_534304/default.gcno##to_string.cj##4f50903fa08f8fcb23ee8f57d4d351cd.gcov,relative source: std/core/to_string.cj
2022/11/30 15:50:44.365899 WARN  /home/gsy/phdel/std/core/array.cj does not exist, it is read from /home/gsy/phdel/ci_test/test_temp/run/phone_number_alternate_07_test_01_cj_1669794580_929326/default.gcno##array.cj##35ab301c93bcd72ee4ae37c494839cc6.gcov,relative source: std/core/array.cj
2022/11/30 15:50:44.371290 WARN  /home/gsy/phdel/std/sort/array.cj does not exist, it is read from /home/gsy/phdel/ci_test/test_temp/run/phone_number_alternate_07_test_01_cj_1669794580_929326/default.gcno##array.cj##b2a14732f3190aba89e922f1739c45a7.gcov,relative source: std/sort/array.cj
2022/11/30 15:50:44.376219 WARN  /home/gsy/phdel/std/collection/array_list.cj does not exist, it is read from /home/gsy/phdel/ci_test/test_temp/run/phone_number_alternate_07_test_01_cj_1669794580_929326/default.gcno##array_list.cj##a47827985fadbfa3b292b17368bdd36c.gcov,relative source: std/collection/array_list.cj
2022/11/30 15:50:44.381185 WARN  /home/gsy/phdel/std/core/collection.cj does not exist, it is read from /home/gsy/phdel/ci_test/test_temp/run/phone_number_alternate_07_test_01_cj_1669794580_929326/default.gcno##collection.cj##d5e9717078bb7d1fec05226ebed11c2e.gcov,relative source: std/core/collection.cj
2022/11/30 15:50:44.386095 WARN  /home/gsy/phdel/serialization/serialization/data_model.cj does not exist, it is read from /home/gsy/phdel/ci_test/test_temp/run/phone_number_alternate_07_test_01_cj_1669794580_929326/default.gcno##data_model.cj##b7199241b78806c9faa0828ba092a253.gcov,relative source: serialization/serialization/data_model.cj
2022/11/30 15:50:44.391014 WARN  /home/gsy/phdel/std/collection/hash_map.cj does not exist, it is read from /home/gsy/phdel/ci_test/test_temp/run/phone_number_alternate_07_test_01_cj_1669794580_929326/default.gcno##hash_map.cj##6ac3e30293571947c78624b211b7f0d2.gcov,relative source: std/collection/hash_map.cj
2022/11/30 15:50:44.395976 WARN  /home/gsy/phdel/std/collection/middle_operation.cj does not exist, it is read from /home/gsy/phdel/ci_test/test_temp/run/phone_number_alternate_07_test_01_cj_1669794580_929326/default.gcno##middle_operation.cj##651d5860bd11fc2b5f5dcff4eb2fc8b3.gcov,relative source: std/collection/middle_operation.cj
2022/11/30 15:50:44.400916 WARN  /home/gsy/phdel/std/core/option.cj does not exist, it is read from /home/gsy/phdel/ci_test/test_temp/run/phone_number_alternate_07_test_01_cj_1669794580_929326/default.gcno##option.cj##3156cb93630270b92287adbbb0bd1a7c.gcov,relative source: std/core/option.cj
2022/11/30 15:50:44.410151 WARN  /home/gsy/phdel/std/core/range.cj does not exist, it is read from /home/gsy/phdel/ci_test/test_temp/run/phone_number_alternate_07_test_01_cj_1669794580_929326/default.gcno##range.cj##ee2ed641d059020f12c3e15cf4de6a55.gcov,relative source: std/core/range.cj
2022/11/30 15:50:44.415105 WARN  /home/gsy/phdel/serialization/serialization/serializable.cj does not exist, it is read from /home/gsy/phdel/ci_test/test_temp/run/phone_number_alternate_07_test_01_cj_1669794580_929326/default.gcno##serializable.cj##dfe88698755ac7e288555f5e78f06478.gcov,relative source: serialization/serialization/serializable.cj
2022/11/30 15:50:44.420022 WARN  /home/gsy/phdel/std/sort/sort_by.cj does not exist, it is read from /home/gsy/phdel/ci_test/test_temp/run/phone_number_alternate_07_test_01_cj_1669794580_929326/default.gcno##sort_by.cj##a89af389955f73a8d87d7b736990a902.gcov,relative source: std/sort/sort_by.cj
2022/11/30 15:50:44.424991 WARN  /home/gsy/phdel/std/core/to_string.cj does not exist, it is read from /home/gsy/phdel/ci_test/test_temp/run/phone_number_alternate_07_test_01_cj_1669794580_929326/default.gcno##to_string.cj##4f50903fa08f8fcb23ee8f57d4d351cd.gcov,relative source: std/core/to_string.cj
2022/11/30 15:50:44.434705 WARN  /home/gsy/phdel/std/core/option.cj does not exist, it is read from /home/gsy/phdel/ci_test/test_temp/run/phone_parse_test_01_CN_cj_1669794585_3102171/default.gcno##option.cj##3156cb93630270b92287adbbb0bd1a7c.gcov,relative source: std/core/option.cj
2022/11/30 15:50:44.442515 WARN  /home/gsy/phdel/std/core/option.cj does not exist, it is read from /home/gsy/phdel/ci_test/test_temp/run/phone_parse_test_01_US_cj_1669794586_3167157/default.gcno##option.cj##3156cb93630270b92287adbbb0bd1a7c.gcov,relative source: std/core/option.cj
2022/11/30 15:50:44.449960 WARN  /home/gsy/phdel/std/core/option.cj does not exist, it is read from /home/gsy/phdel/ci_test/test_temp/run/phone_parse_test_02_CN_cj_1669794587_3210385/default.gcno##option.cj##3156cb93630270b92287adbbb0bd1a7c.gcov,relative source: std/core/option.cj
2022/11/30 15:50:44.457370 WARN  /home/gsy/phdel/std/core/option.cj does not exist, it is read from /home/gsy/phdel/ci_test/test_temp/run/phone_parse_test_02_US_cj_1669794588_327336/default.gcno##option.cj##3156cb93630270b92287adbbb0bd1a7c.gcov,relative source: std/core/option.cj
2022/11/30 15:50:44.471332 WARN  /home/gsy/phdel/std/core/array.cj does not exist, it is read from /home/gsy/phdel/ci_test/test_temp/run/phone_test_metadata_01_cj_1669794592_0774696/default.gcno##array.cj##35ab301c93bcd72ee4ae37c494839cc6.gcov,relative source: std/core/array.cj
2022/11/30 15:50:44.476245 WARN  /home/gsy/phdel/std/sort/array.cj does not exist, it is read from /home/gsy/phdel/ci_test/test_temp/run/phone_test_metadata_01_cj_1669794592_0774696/default.gcno##array.cj##b2a14732f3190aba89e922f1739c45a7.gcov,relative source: std/sort/array.cj
2022/11/30 15:50:44.481964 WARN  /home/gsy/phdel/std/collection/array_list.cj does not exist, it is read from /home/gsy/phdel/ci_test/test_temp/run/phone_test_metadata_01_cj_1669794592_0774696/default.gcno##array_list.cj##a47827985fadbfa3b292b17368bdd36c.gcov,relative source: std/collection/array_list.cj
2022/11/30 15:50:44.487000 WARN  /home/gsy/phdel/std/core/collection.cj does not exist, it is read from /home/gsy/phdel/ci_test/test_temp/run/phone_test_metadata_01_cj_1669794592_0774696/default.gcno##collection.cj##d5e9717078bb7d1fec05226ebed11c2e.gcov,relative source: std/core/collection.cj
2022/11/30 15:50:44.491856 WARN  /home/gsy/phdel/std/core/option.cj does not exist, it is read from /home/gsy/phdel/ci_test/test_temp/run/phone_test_metadata_01_cj_1669794592_0774696/default.gcno##option.cj##3156cb93630270b92287adbbb0bd1a7c.gcov,relative source: std/core/option.cj
2022/11/30 15:50:44.499251 WARN  /home/gsy/phdel/std/core/range.cj does not exist, it is read from /home/gsy/phdel/ci_test/test_temp/run/phone_test_metadata_01_cj_1669794592_0774696/default.gcno##range.cj##ee2ed641d059020f12c3e15cf4de6a55.gcov,relative source: std/core/range.cj
2022/11/30 15:50:44.504192 WARN  /home/gsy/phdel/std/sort/sort_by.cj does not exist, it is read from /home/gsy/phdel/ci_test/test_temp/run/phone_test_metadata_01_cj_1669794592_0774696/default.gcno##sort_by.cj##a89af389955f73a8d87d7b736990a902.gcov,relative source: std/sort/sort_by.cj
2022/11/30 15:50:44.509078 WARN  /home/gsy/phdel/std/core/array.cj does not exist, it is read from /home/gsy/phdel/ci_test/test_temp/run/phone_test_metadata_parser_01_cj_1669794593_6336038/default.gcno##array.cj##35ab301c93bcd72ee4ae37c494839cc6.gcov,relative source: std/core/array.cj
2022/11/30 15:50:44.514393 WARN  /home/gsy/phdel/std/sort/array.cj does not exist, it is read from /home/gsy/phdel/ci_test/test_temp/run/phone_test_metadata_parser_01_cj_1669794593_6336038/default.gcno##array.cj##b2a14732f3190aba89e922f1739c45a7.gcov,relative source: std/sort/array.cj
2022/11/30 15:50:44.519484 WARN  /home/gsy/phdel/std/collection/array_list.cj does not exist, it is read from /home/gsy/phdel/ci_test/test_temp/run/phone_test_metadata_parser_01_cj_1669794593_6336038/default.gcno##array_list.cj##a47827985fadbfa3b292b17368bdd36c.gcov,relative source: std/collection/array_list.cj
2022/11/30 15:50:44.524446 WARN  /home/gsy/phdel/std/core/collection.cj does not exist, it is read from /home/gsy/phdel/ci_test/test_temp/run/phone_test_metadata_parser_01_cj_1669794593_6336038/default.gcno##collection.cj##d5e9717078bb7d1fec05226ebed11c2e.gcov,relative source: std/core/collection.cj
2022/11/30 15:50:44.529449 WARN  /home/gsy/phdel/serialization/serialization/data_model.cj does not exist, it is read from /home/gsy/phdel/ci_test/test_temp/run/phone_test_metadata_parser_01_cj_1669794593_6336038/default.gcno##data_model.cj##b7199241b78806c9faa0828ba092a253.gcov,relative source: serialization/serialization/data_model.cj
2022/11/30 15:50:44.534790 WARN  /home/gsy/phdel/std/core/option.cj does not exist, it is read from /home/gsy/phdel/ci_test/test_temp/run/phone_test_metadata_parser_01_cj_1669794593_6336038/default.gcno##option.cj##3156cb93630270b92287adbbb0bd1a7c.gcov,relative source: std/core/option.cj
2022/11/30 15:50:44.542698 WARN  /home/gsy/phdel/std/core/range.cj does not exist, it is read from /home/gsy/phdel/ci_test/test_temp/run/phone_test_metadata_parser_01_cj_1669794593_6336038/default.gcno##range.cj##ee2ed641d059020f12c3e15cf4de6a55.gcov,relative source: std/core/range.cj
2022/11/30 15:50:44.547808 WARN  /home/gsy/phdel/serialization/serialization/serializable.cj does not exist, it is read from /home/gsy/phdel/ci_test/test_temp/run/phone_test_metadata_parser_01_cj_1669794593_6336038/default.gcno##serializable.cj##dfe88698755ac7e288555f5e78f06478.gcov,relative source: serialization/serialization/serializable.cj
2022/11/30 15:50:44.552958 WARN  /home/gsy/phdel/std/sort/sort_by.cj does not exist, it is read from /home/gsy/phdel/ci_test/test_temp/run/phone_test_metadata_parser_01_cj_1669794593_6336038/default.gcno##sort_by.cj##a89af389955f73a8d87d7b736990a902.gcov,relative source: std/sort/sort_by.cj
2022/11/30 15:50:44.557835 WARN  /home/gsy/phdel/std/core/to_string.cj does not exist, it is read from /home/gsy/phdel/ci_test/test_temp/run/phone_test_metadata_parser_01_cj_1669794593_6336038/default.gcno##to_string.cj##4f50903fa08f8fcb23ee8f57d4d351cd.gcov,relative source: std/core/to_string.cj
2022/11/30 15:50:44.567452 WARN  /home/gsy/phdel/std/core/array.cj does not exist, it is read from /home/gsy/phdel/ci_test/test_temp/run/short_number_metadata_cn_test_01_cj_1669794597_9292092/default.gcno##array.cj##35ab301c93bcd72ee4ae37c494839cc6.gcov,relative source: std/core/array.cj
2022/11/30 15:50:44.572450 WARN  /home/gsy/phdel/std/sort/array.cj does not exist, it is read from /home/gsy/phdel/ci_test/test_temp/run/short_number_metadata_cn_test_01_cj_1669794597_9292092/default.gcno##array.cj##b2a14732f3190aba89e922f1739c45a7.gcov,relative source: std/sort/array.cj
2022/11/30 15:50:44.577717 WARN  /home/gsy/phdel/std/collection/array_list.cj does not exist, it is read from /home/gsy/phdel/ci_test/test_temp/run/short_number_metadata_cn_test_01_cj_1669794597_9292092/default.gcno##array_list.cj##a47827985fadbfa3b292b17368bdd36c.gcov,relative source: std/collection/array_list.cj
2022/11/30 15:50:44.582631 WARN  /home/gsy/phdel/std/core/collection.cj does not exist, it is read from /home/gsy/phdel/ci_test/test_temp/run/short_number_metadata_cn_test_01_cj_1669794597_9292092/default.gcno##collection.cj##d5e9717078bb7d1fec05226ebed11c2e.gcov,relative source: std/core/collection.cj
2022/11/30 15:50:44.587585 WARN  /home/gsy/phdel/serialization/serialization/data_model.cj does not exist, it is read from /home/gsy/phdel/ci_test/test_temp/run/short_number_metadata_cn_test_01_cj_1669794597_9292092/default.gcno##data_model.cj##b7199241b78806c9faa0828ba092a253.gcov,relative source: serialization/serialization/data_model.cj
2022/11/30 15:50:44.592554 WARN  /home/gsy/phdel/std/collection/hash_map.cj does not exist, it is read from /home/gsy/phdel/ci_test/test_temp/run/short_number_metadata_cn_test_01_cj_1669794597_9292092/default.gcno##hash_map.cj##6ac3e30293571947c78624b211b7f0d2.gcov,relative source: std/collection/hash_map.cj
2022/11/30 15:50:44.597453 WARN  /home/gsy/phdel/std/collection/middle_operation.cj does not exist, it is read from /home/gsy/phdel/ci_test/test_temp/run/short_number_metadata_cn_test_01_cj_1669794597_9292092/default.gcno##middle_operation.cj##651d5860bd11fc2b5f5dcff4eb2fc8b3.gcov,relative source: std/collection/middle_operation.cj
2022/11/30 15:50:44.602360 WARN  /home/gsy/phdel/std/core/option.cj does not exist, it is read from /home/gsy/phdel/ci_test/test_temp/run/short_number_metadata_cn_test_01_cj_1669794597_9292092/default.gcno##option.cj##3156cb93630270b92287adbbb0bd1a7c.gcov,relative source: std/core/option.cj
2022/11/30 15:50:44.607295 WARN  /home/gsy/phdel/std/core/range.cj does not exist, it is read from /home/gsy/phdel/ci_test/test_temp/run/short_number_metadata_cn_test_01_cj_1669794597_9292092/default.gcno##range.cj##ee2ed641d059020f12c3e15cf4de6a55.gcov,relative source: std/core/range.cj
2022/11/30 15:50:44.612310 WARN  /home/gsy/phdel/serialization/serialization/serializable.cj does not exist, it is read from /home/gsy/phdel/ci_test/test_temp/run/short_number_metadata_cn_test_01_cj_1669794597_9292092/default.gcno##serializable.cj##dfe88698755ac7e288555f5e78f06478.gcov,relative source: serialization/serialization/serializable.cj
2022/11/30 15:50:44.621549 WARN  /home/gsy/phdel/std/sort/sort_by.cj does not exist, it is read from /home/gsy/phdel/ci_test/test_temp/run/short_number_metadata_cn_test_01_cj_1669794597_9292092/default.gcno##sort_by.cj##a89af389955f73a8d87d7b736990a902.gcov,relative source: std/sort/sort_by.cj
2022/11/30 15:50:44.626580 WARN  /home/gsy/phdel/std/core/to_string.cj does not exist, it is read from /home/gsy/phdel/ci_test/test_temp/run/short_number_metadata_cn_test_01_cj_1669794597_9292092/default.gcno##to_string.cj##4f50903fa08f8fcb23ee8f57d4d351cd.gcov,relative source: std/core/to_string.cj
